sandbox_extension_issue_file_to_process failed for /tmp/RXUIScrollProbe.app: 1 (Operation not permitted)
FRAME,1791355137.337047,484.135,0.042,0.000,0.000
FRAME,1791355137.859064,1.473,1.802,1.600,2.537
FRAME,1791355139.481537,1.401,1.243,1.460,2.442
FRAME,1791355139.490087,1.481,0.954,1.438,1.963
FRAME,1791355140.089922,1.373,0.153,1.409,1.865
FRAME,1791355140.098159,1.345,0.083,1.357,1.626
AX,317,2.076,0.648
FRAME,1791355142.519205,1.503,0.155,1.492,2.038
FRAME,1791355142.714978,1.382,0.122,1.414,1.855
FRAME,1791355142.739934,1.391,0.127,1.452,1.913
FRAME,1791355143.064857,1.445,0.144,1.443,1.887
FRAME,1791355143.073448,1.454,0.150,1.456,1.906
FRAME,1791355144.367809,1.514,0.139,1.490,1.981
DELTA,[228.0, 498.0],[-0.0, 200.0],2
AX,163,2.992,11.764
WHEEL,1791355150.726062,15.389,true
DELTA,[1276.0, 1273.0],[-0.0, 200.0],2
AX,123,2.752,11.021
WHEEL,1791355154.315931,14.256,true
FRAME,1791355188.391853,1.568,0.214,1.572,2.365
FRAME,1791355192.434649,1.786,0.442,1.644,2.379
FRAME,1791355199.996891,1.636,0.228,1.628,2.335
FRAME,1791355200.071777,1.540,0.184,1.543,2.007
